// Jest Snapshot v1, https://goo.gl/fbAQLP

exports[`Shoot Title renders correctly 1`] = `
ShallowWrapper {
  Symbol(enzyme.__root__): [Circular],
  Symbol(enzyme.__unrendered__): <ShootTitle />,
  Symbol(enzyme.__renderer__): Object {
    "batchedUpdates": [Function],
    "getNode": [Function],
    "render": [Function],
    "simulateError": [Function],
    "simulateEvent": [Function],
    "unmount": [Function],
  },
  Symbol(enzyme.__node__): Object {
    "instance": null,
    "key": undefined,
    "nodeType": "function",
    "props": Object {
      "children": <form>
        <TextField
          className="title-input"
          onKeyDown={[Function]}
          placeholder="Enter Shoot Title"
          required={false}
          select={false}
          variant="standard"
        />
      </form>,
    },
    "ref": null,
    "rendered": Object {
      "instance": null,
      "key": undefined,
      "nodeType": "host",
      "props": Object {
        "children": <TextField
          className="title-input"
          onKeyDown={[Function]}
          placeholder="Enter Shoot Title"
          required={false}
          select={false}
          variant="standard"
        />,
      },
      "ref": null,
      "rendered": Object {
        "instance": null,
        "key": undefined,
        "nodeType": "class",
        "props": Object {
          "className": "title-input",
          "onKeyDown": [Function],
          "placeholder": "Enter Shoot Title",
          "required": false,
          "select": false,
          "variant": "standard",
        },
        "ref": null,
        "rendered": null,
        "type": [Function],
      },
      "type": "form",
    },
    "type": Symbol(react.fragment),
  },
  Symbol(enzyme.__nodes__): Array [
    Object {
      "instance": null,
      "key": undefined,
      "nodeType": "function",
      "props": Object {
        "children": <form>
          <TextField
            className="title-input"
            onKeyDown={[Function]}
            placeholder="Enter Shoot Title"
            required={false}
            select={false}
            variant="standard"
          />
        </form>,
      },
      "ref": null,
      "rendered": Object {
        "instance": null,
        "key": undefined,
        "nodeType": "host",
        "props": Object {
          "children": <TextField
            className="title-input"
            onKeyDown={[Function]}
            placeholder="Enter Shoot Title"
            required={false}
            select={false}
            variant="standard"
          />,
        },
        "ref": null,
        "rendered": Object {
          "instance": null,
          "key": undefined,
          "nodeType": "class",
          "props": Object {
            "className": "title-input",
            "onKeyDown": [Function],
            "placeholder": "Enter Shoot Title",
            "required": false,
            "select": false,
            "variant": "standard",
          },
          "ref": null,
          "rendered": null,
          "type": [Function],
        },
        "type": "form",
      },
      "type": Symbol(react.fragment),
    },
  ],
  Symbol(enzyme.__options__): Object {
    "adapter": ReactSixteenAdapter {
      "options": Object {
        "enableComponentDidUpdateOnSetState": true,
        "lifecycles": Object {
          "componentDidUpdate": Object {
            "onSetState": true,
          },
          "getDerivedStateFromProps": true,
          "getSnapshotBeforeUpdate": true,
          "setState": Object {
            "skipsComponentDidUpdateOnNullish": true,
          },
        },
      },
    },
  },
}
`;
