// Jest Snapshot v1, https://goo.gl/fbAQLP

exports[`Take renders correctly 1`] = `
ShallowWrapper {
  Symbol(enzyme.__root__): [Circular],
  Symbol(enzyme.__unrendered__): <Take
    confirmTake={[MockFunction]}
    id={1}
    removeTake={[MockFunction]}
  />,
  Symbol(enzyme.__renderer__): Object {
    "batchedUpdates": [Function],
    "getNode": [Function],
    "render": [Function],
    "simulateError": [Function],
    "simulateEvent": [Function],
    "unmount": [Function],
  },
  Symbol(enzyme.__node__): Object {
    "instance": null,
    "key": undefined,
    "nodeType": "host",
    "props": Object {
      "children": Array [
        <p>
          This is the TAKE component: 
          1
        </p>,
        <form>
          <TextField
            autoFocus={true}
            className="scene-input"
            label="Scene"
            onChange={[Function]}
            required={false}
            select={false}
            variant="outlined"
          />
          <TextField
            className="shot-input"
            label="Shot"
            onChange={[Function]}
            required={false}
            select={false}
            variant="outlined"
          />
          <TextField
            className="take-input"
            label="Take"
            onChange={[Function]}
            required={false}
            select={false}
            variant="outlined"
          />
          <TextField
            className="desc-input"
            label="Description"
            onChange={[Function]}
            required={false}
            select={false}
            variant="outlined"
          />
          <WithStyles(Checkbox)
            checked={false}
            className="goodTake-switch"
            color="primary"
            label="Good Take?"
            onChange={[Function]}
            value="goodTake"
          />
          <TextField
            className="notes-input"
            label="Notes"
            multiline={true}
            onChange={[Function]}
            required={false}
            select={false}
            variant="outlined"
          />
        </form>,
        <WithStyles(Button)
          className="remove-btn"
          color="secondary"
          onClick={[Function]}
          variant="contained"
        >
          <pure(DeleteIcon)
            className="delete-icon"
          />
        </WithStyles(Button)>,
        <WithStyles(Button)
          className="confirm-btn"
          color="primary"
          onClick={[Function]}
          variant="contained"
        >
          <pure(DoneIcon)
            className="confirm-icon"
          />
        </WithStyles(Button)>,
      ],
      "className": "take",
    },
    "ref": null,
    "rendered": Array [
      Object {
        "instance": null,
        "key": undefined,
        "nodeType": "host",
        "props": Object {
          "children": Array [
            "This is the TAKE component: ",
            1,
          ],
        },
        "ref": null,
        "rendered": Array [
          "This is the TAKE component: ",
          1,
        ],
        "type": "p",
      },
      Object {
        "instance": null,
        "key": undefined,
        "nodeType": "host",
        "props": Object {
          "children": Array [
            <TextField
              autoFocus={true}
              className="scene-input"
              label="Scene"
              onChange={[Function]}
              required={false}
              select={false}
              variant="outlined"
            />,
            <TextField
              className="shot-input"
              label="Shot"
              onChange={[Function]}
              required={false}
              select={false}
              variant="outlined"
            />,
            <TextField
              className="take-input"
              label="Take"
              onChange={[Function]}
              required={false}
              select={false}
              variant="outlined"
            />,
            <TextField
              className="desc-input"
              label="Description"
              onChange={[Function]}
              required={false}
              select={false}
              variant="outlined"
            />,
            <WithStyles(Checkbox)
              checked={false}
              className="goodTake-switch"
              color="primary"
              label="Good Take?"
              onChange={[Function]}
              value="goodTake"
            />,
            <TextField
              className="notes-input"
              label="Notes"
              multiline={true}
              onChange={[Function]}
              required={false}
              select={false}
              variant="outlined"
            />,
          ],
        },
        "ref": null,
        "rendered": Array [
          Object {
            "instance": null,
            "key": undefined,
            "nodeType": "class",
            "props": Object {
              "autoFocus": true,
              "className": "scene-input",
              "label": "Scene",
              "onChange": [Function],
              "required": false,
              "select": false,
              "variant": "outlined",
            },
            "ref": null,
            "rendered": null,
            "type": [Function],
          },
          Object {
            "instance": null,
            "key": undefined,
            "nodeType": "class",
            "props": Object {
              "className": "shot-input",
              "label": "Shot",
              "onChange": [Function],
              "required": false,
              "select": false,
              "variant": "outlined",
            },
            "ref": null,
            "rendered": null,
            "type": [Function],
          },
          Object {
            "instance": null,
            "key": undefined,
            "nodeType": "class",
            "props": Object {
              "className": "take-input",
              "label": "Take",
              "onChange": [Function],
              "required": false,
              "select": false,
              "variant": "outlined",
            },
            "ref": null,
            "rendered": null,
            "type": [Function],
          },
          Object {
            "instance": null,
            "key": undefined,
            "nodeType": "class",
            "props": Object {
              "className": "desc-input",
              "label": "Description",
              "onChange": [Function],
              "required": false,
              "select": false,
              "variant": "outlined",
            },
            "ref": null,
            "rendered": null,
            "type": [Function],
          },
          Object {
            "instance": null,
            "key": undefined,
            "nodeType": "class",
            "props": Object {
              "checked": false,
              "className": "goodTake-switch",
              "color": "primary",
              "label": "Good Take?",
              "onChange": [Function],
              "value": "goodTake",
            },
            "ref": null,
            "rendered": null,
            "type": [Function],
          },
          Object {
            "instance": null,
            "key": undefined,
            "nodeType": "class",
            "props": Object {
              "className": "notes-input",
              "label": "Notes",
              "multiline": true,
              "onChange": [Function],
              "required": false,
              "select": false,
              "variant": "outlined",
            },
            "ref": null,
            "rendered": null,
            "type": [Function],
          },
        ],
        "type": "form",
      },
      Object {
        "instance": null,
        "key": undefined,
        "nodeType": "class",
        "props": Object {
          "children": <pure(DeleteIcon)
            className="delete-icon"
          />,
          "className": "remove-btn",
          "color": "secondary",
          "onClick": [Function],
          "variant": "contained",
        },
        "ref": null,
        "rendered": Object {
          "instance": null,
          "key": undefined,
          "nodeType": "class",
          "props": Object {
            "className": "delete-icon",
          },
          "ref": null,
          "rendered": null,
          "type": [Function],
        },
        "type": [Function],
      },
      Object {
        "instance": null,
        "key": undefined,
        "nodeType": "class",
        "props": Object {
          "children": <pure(DoneIcon)
            className="confirm-icon"
          />,
          "className": "confirm-btn",
          "color": "primary",
          "onClick": [Function],
          "variant": "contained",
        },
        "ref": null,
        "rendered": Object {
          "instance": null,
          "key": undefined,
          "nodeType": "class",
          "props": Object {
            "className": "confirm-icon",
          },
          "ref": null,
          "rendered": null,
          "type": [Function],
        },
        "type": [Function],
      },
    ],
    "type": "div",
  },
  Symbol(enzyme.__nodes__): Array [
    Object {
      "instance": null,
      "key": undefined,
      "nodeType": "host",
      "props": Object {
        "children": Array [
          <p>
            This is the TAKE component: 
            1
          </p>,
          <form>
            <TextField
              autoFocus={true}
              className="scene-input"
              label="Scene"
              onChange={[Function]}
              required={false}
              select={false}
              variant="outlined"
            />
            <TextField
              className="shot-input"
              label="Shot"
              onChange={[Function]}
              required={false}
              select={false}
              variant="outlined"
            />
            <TextField
              className="take-input"
              label="Take"
              onChange={[Function]}
              required={false}
              select={false}
              variant="outlined"
            />
            <TextField
              className="desc-input"
              label="Description"
              onChange={[Function]}
              required={false}
              select={false}
              variant="outlined"
            />
            <WithStyles(Checkbox)
              checked={false}
              className="goodTake-switch"
              color="primary"
              label="Good Take?"
              onChange={[Function]}
              value="goodTake"
            />
            <TextField
              className="notes-input"
              label="Notes"
              multiline={true}
              onChange={[Function]}
              required={false}
              select={false}
              variant="outlined"
            />
          </form>,
          <WithStyles(Button)
            className="remove-btn"
            color="secondary"
            onClick={[Function]}
            variant="contained"
          >
            <pure(DeleteIcon)
              className="delete-icon"
            />
          </WithStyles(Button)>,
          <WithStyles(Button)
            className="confirm-btn"
            color="primary"
            onClick={[Function]}
            variant="contained"
          >
            <pure(DoneIcon)
              className="confirm-icon"
            />
          </WithStyles(Button)>,
        ],
        "className": "take",
      },
      "ref": null,
      "rendered": Array [
        Object {
          "instance": null,
          "key": undefined,
          "nodeType": "host",
          "props": Object {
            "children": Array [
              "This is the TAKE component: ",
              1,
            ],
          },
          "ref": null,
          "rendered": Array [
            "This is the TAKE component: ",
            1,
          ],
          "type": "p",
        },
        Object {
          "instance": null,
          "key": undefined,
          "nodeType": "host",
          "props": Object {
            "children": Array [
              <TextField
                autoFocus={true}
                className="scene-input"
                label="Scene"
                onChange={[Function]}
                required={false}
                select={false}
                variant="outlined"
              />,
              <TextField
                className="shot-input"
                label="Shot"
                onChange={[Function]}
                required={false}
                select={false}
                variant="outlined"
              />,
              <TextField
                className="take-input"
                label="Take"
                onChange={[Function]}
                required={false}
                select={false}
                variant="outlined"
              />,
              <TextField
                className="desc-input"
                label="Description"
                onChange={[Function]}
                required={false}
                select={false}
                variant="outlined"
              />,
              <WithStyles(Checkbox)
                checked={false}
                className="goodTake-switch"
                color="primary"
                label="Good Take?"
                onChange={[Function]}
                value="goodTake"
              />,
              <TextField
                className="notes-input"
                label="Notes"
                multiline={true}
                onChange={[Function]}
                required={false}
                select={false}
                variant="outlined"
              />,
            ],
          },
          "ref": null,
          "rendered": Array [
            Object {
              "instance": null,
              "key": undefined,
              "nodeType": "class",
              "props": Object {
                "autoFocus": true,
                "className": "scene-input",
                "label": "Scene",
                "onChange": [Function],
                "required": false,
                "select": false,
                "variant": "outlined",
              },
              "ref": null,
              "rendered": null,
              "type": [Function],
            },
            Object {
              "instance": null,
              "key": undefined,
              "nodeType": "class",
              "props": Object {
                "className": "shot-input",
                "label": "Shot",
                "onChange": [Function],
                "required": false,
                "select": false,
                "variant": "outlined",
              },
              "ref": null,
              "rendered": null,
              "type": [Function],
            },
            Object {
              "instance": null,
              "key": undefined,
              "nodeType": "class",
              "props": Object {
                "className": "take-input",
                "label": "Take",
                "onChange": [Function],
                "required": false,
                "select": false,
                "variant": "outlined",
              },
              "ref": null,
              "rendered": null,
              "type": [Function],
            },
            Object {
              "instance": null,
              "key": undefined,
              "nodeType": "class",
              "props": Object {
                "className": "desc-input",
                "label": "Description",
                "onChange": [Function],
                "required": false,
                "select": false,
                "variant": "outlined",
              },
              "ref": null,
              "rendered": null,
              "type": [Function],
            },
            Object {
              "instance": null,
              "key": undefined,
              "nodeType": "class",
              "props": Object {
                "checked": false,
                "className": "goodTake-switch",
                "color": "primary",
                "label": "Good Take?",
                "onChange": [Function],
                "value": "goodTake",
              },
              "ref": null,
              "rendered": null,
              "type": [Function],
            },
            Object {
              "instance": null,
              "key": undefined,
              "nodeType": "class",
              "props": Object {
                "className": "notes-input",
                "label": "Notes",
                "multiline": true,
                "onChange": [Function],
                "required": false,
                "select": false,
                "variant": "outlined",
              },
              "ref": null,
              "rendered": null,
              "type": [Function],
            },
          ],
          "type": "form",
        },
        Object {
          "instance": null,
          "key": undefined,
          "nodeType": "class",
          "props": Object {
            "children": <pure(DeleteIcon)
              className="delete-icon"
            />,
            "className": "remove-btn",
            "color": "secondary",
            "onClick": [Function],
            "variant": "contained",
          },
          "ref": null,
          "rendered": Object {
            "instance": null,
            "key": undefined,
            "nodeType": "class",
            "props": Object {
              "className": "delete-icon",
            },
            "ref": null,
            "rendered": null,
            "type": [Function],
          },
          "type": [Function],
        },
        Object {
          "instance": null,
          "key": undefined,
          "nodeType": "class",
          "props": Object {
            "children": <pure(DoneIcon)
              className="confirm-icon"
            />,
            "className": "confirm-btn",
            "color": "primary",
            "onClick": [Function],
            "variant": "contained",
          },
          "ref": null,
          "rendered": Object {
            "instance": null,
            "key": undefined,
            "nodeType": "class",
            "props": Object {
              "className": "confirm-icon",
            },
            "ref": null,
            "rendered": null,
            "type": [Function],
          },
          "type": [Function],
        },
      ],
      "type": "div",
    },
  ],
  Symbol(enzyme.__options__): Object {
    "adapter": ReactSixteenAdapter {
      "options": Object {
        "enableComponentDidUpdateOnSetState": true,
        "lifecycles": Object {
          "componentDidUpdate": Object {
            "onSetState": true,
          },
          "getDerivedStateFromProps": true,
          "getSnapshotBeforeUpdate": true,
          "setState": Object {
            "skipsComponentDidUpdateOnNullish": true,
          },
        },
      },
    },
  },
}
`;
